src/app/(dashboard)/analytics/page.tsx(36,37): error TS2307: Cannot find module 'date-fns' or its corresponding type declarations.
src/app/api/analytics/report/route.ts(5,44): error TS2307: Cannot find module 'date-fns' or its corresponding type declarations.
src/features/analytics/intelligence.ts(7,44): error TS2307: Cannot find module 'date-fns' or its corresponding type declarations.
