src/features/analytics/intelligence.ts(1,55): error TS2307: Cannot find module '@/lib/supabase/server' or its corresponding type declarations.
src/features/analytics/intelligence.ts(2,24): error TS2307: Cannot find module '@/lib/ai/client' or its corresponding type declarations.
src/features/analytics/intelligence.ts(3,47): error TS2307: Cannot find module '@/lib/ai/prompts' or its corresponding type declarations.
src/features/analytics/intelligence.ts(6,37): error TS2307: Cannot find module '@/features/job-tracker/types' or its corresponding type declarations.
src/features/analytics/intelligence.ts(7,35): error TS2307: Cannot find module '@/features/cv-generator/types' or its corresponding type declarations.
src/features/analytics/queries.ts(1,36): error TS2307: Cannot find module '@/lib/supabase/server' or its corresponding type declarations.
